1 var 1 v1
2 var 32 v2
3 const 32 00110111001101010001010100110100
4 cond 32 1 2 3
5 root 32 4
