sat
[bzlasat] bzla_sat_init: WARNING: SAT solver PicoSAT does not support termination functions; Timeout option may not have any effect

